// Jest Snapshot v1, https://goo.gl/fbAQLP

exports[`File Browser Page Component renders correctly and matches snapshot 1`] = `[Function]`;
