// Jest Snapshot v1, https://goo.gl/fbAQLP

exports[`Header Component matches snapshot 1`] = `
<DocumentFragment>
  <header
    class="w-full p-4 bg-blue-500 text-white shadow-md flex flex-col items-center gap-4 md:flex-row md:justify-start md:items-center"
  >
    <h1
      class="text-2xl font-bold text-center md:text-left"
    >
      File Browser
    </h1>
    <input
      class="w-full max-w-xs p-2 rounded text-gray-700 md:w-auto"
      placeholder="Filter files..."
      type="text"
    />
  </header>
</DocumentFragment>
`;
