// Jest Snapshot v1, https://goo.gl/fbAQLP

exports[`FileViewer Component matches snapshot 1`] = `
<DocumentFragment>
  <div
    class="p-4"
  >
    <h2
      aria-live="polite"
      class="text-lg font-semibold mb-2"
    >
      File Viewer
    </h2>
    <p
      data-testid="no-file-selected"
      role="alert"
    >
      Select a file or folder to view its contents.
    </p>
  </div>
</DocumentFragment>
`;
